// git command
git add .
git commit -m "commentaire"
git push -u origin master             ou on peut faire git push --all


nom : zmo2s
mot de passe : ***********


créer un dossier puis écrire la commande git init voir https://lifehacker.com/5983680/how-the-heck-do-i-use-github
puis parès commande du haut et supprimer section = oxs .. avec commande git --configure-edit
git init pour un dossier
git status

git clone thttp(adresse du fichier ou dossier)

//compiler plusieur fichier en C++

g++ -Wall -o app.exe  Arme.cpp main.cpp Personnage.cpp

improté code c++ en java
http://roger.astier.free.fr/app/app_java/javaJni.html


================QT Creator===============

créer un éxécutable


$ qmake test.pro

$ make

$ ./Test



================Modifier fichier admin===============


sudo gedit
posser glisser du fchier dnas gedit
aussi simple que sa .


===============Splint===============

$ sudo apt-get install splint


$ splint *.c
pour analysé tous les fichier du repertoire


=================solve problem glib.h==================

disclaimer uninstall gcc or g++ don't solve anything

the problem is glib is install in two folder different so that make a problem and you need to use option -I for include extern library


with compiler you need add option -I when you use g++ main.cpp -o main -I/path_where_is_install_glib

for find path glib you need to do in terminal :
 pkg-config --cflags glib-2.0
 this will give you path of glib :
exemple : -I/usr/include/glib-2.0 -I/usr/lib/x86_64-linux-gnu/glib-2.0/include

check your version of glib can be glib or glib.xxx in /usr/lib or /usr/include

if you don't want use option -I :

you have to use download glib.devel download link :https://www.rpmfind.net/linux/rpm2html/search.php?query=glib-devel(x86-64)
and put file glib.h who is inside glib.devel in /usr/include and after glibconfig.h  who is too in glib.devel to /usr/include/












**************************************************////////////////////////////////////////


        IF YOU DELETE SOME GLIB FILE





what i did but i dunno if it's good idea to do that next line:
i had delete folder glib-2.0 in  usr/lib and in usr/include and in other file as x84_64 gnulinux after delete them

what you must do if you delete some file of glib:

try this :

$ wget https://ftp.gnu.org/gnu/libc/glibc-2.26.tar.gz
$ tar -xvzf glibc-2.26.tar.gz
$ mkdir build_gcc && cd build_gcc
$ ../glibc-2.26/configure --prefix=/usr
$ make
$ sudo checkinstall

download glib.devel

https://www.rpmfind.net/linux/rpm2html/search.php?query=glib-devel(x86-64)
after include glib in g++ compiler with option -I, for repair the link of libsd.so
after extract the folder usr
g++ a.cpp -o main -I/home/a/Downloads/usr/include/glib-1.2 -I/home/a/Downloads/usr/lib64/ -I/home/a/Downloads/usr/lib64/glib/include/
this will repair libsd.so
<<<<<<< HEAD
and now you can just do g++ with option -I so


*****************************************************************/////////////////////////////////////////////////////




=======Wine=========

Unhandled exception: page fault on read access to 0x00000000 in 32-bit code (0x7c050d7c). Register dump

error 0x000032

in terminal do 

WINEARCH=win32 WINPREFIX=/path/to/wineprefix winecfg

======play on linux=======

for play windows game on linux 
=======
and now you can just do g++ without option -I so
g++ main.cpp -o main without any error


==========Liunx commande=================


grep -iRl "son_process" ./

search in many file if son_process in write in this file


>>>>>>> d7d45f6259ce5ba02b8e4683a02039f8bf04ab6e






====C++========


pour une classe public et private : dnas private on met les variables et dnas public les ofcntinos par ocnventions. ( on met certaines fonction dans private car on veut pas que une personne
un autre developpeur changes les valeures de cette fonction exemple la variable chiffre d'affaire à 0 ça fausserai les bénéfices de l'entreprise



pour une fonction

  &mafonction()


c'est un retour par adresse donc pas besoin de return .

const& mafonction() 

on renvoie une adresse constante donc si dnas le main on fait int a=2; mafonction=&a; erreur car l'adresse de ma focntion ne peut pas etre modifié

pour les paramètre ocnstant d'une fonction avec l'esperluette

 mafonction( const& a)

la valeur de l'objet a ne peut pas etre modifié ex dnas la fonction ma fonction()  { a.x=2; erreur car on ne peut pas modifier la valeur de l'objet }


mafonction() const

dans la focntion on ne peux pas changer la valeur des varaibles de la fonction par exemple si on à 
une class teste
class teste
{
int a;
int b;
int c;
teste(int v, int v1): a(v) , b(v1) {}
};
mafonction() const
 {

this->a=2; erreur on a pas le droit de changer la valeur des variables ou meme que ce soit avec fait avec une fonction ni meme de modifier quoique ce soit dans cette fonction
b=2 // interdit
}

si mafonction( int parametre) const
{
parametre+=1;  // fonctionne car c'est uniquement les objets qui ne sont pas modifier donc la valeur des variables de la classe et non les valeur des variables des autres méthodes
donc on peut modifier aussi la valeur renvoyer par certaine méthode;
d = init(); // fonctionne on créer la variable d qui n'existe pas dnas la classe et on l'initialsie avec une focntion

char c = concat(char c, char d)


}




pour un operateur on a deux cas &mafonction ou le cas du proff voir cours



--


pour appeller un objet void Personnage::attaquer(Personnage &cible)
on passe par adresse sinon cela serai par copie et cela ne modifirai les valeur de l'objet cibles
sinon il faudrai renvoyer l'adresse cible avec un return 


classe dnas une classe : 
void Personnage::attaquer(Personnage &cible)
{
    cible.recevoirDegats(m_arme.getDegats());
}


https://www.embedded.com/passing-by-reference-to-const/
https://openclassrooms.com/fr/courses/1894236-programmez-avec-le-langage-c/1897344-creez-les-classes-partie-1-2



 mafonction( const& a) plus classiquement pour ne pas changer la valeur des objets des autres classes


---on utilsie généralement int * mafocntion pour renvoyer un tableau et on rajoute &
soit int* mafonction si on ne veut pas faire copie et passer diréctement sur la variable.


si ma fonction est int* fonction(int a) { return &b}
retourne une copie de l'adresse mémoire ou bien un pointeur construit a partir d'une adresse mémoire ( int *g(int n) { int *ptr = new int [n return ptr;}
c'est un retour de pointeur par valeur

si ma fonction est int* &mafonction2(int **T,int n)  {return T[n-1]};
la fonction renvoie une copie de la variable , variable et non adresse mémoire.
(sans faire de copie) c'est un retour de pointeur par adresse


int* mafocntion pour les tableau 
int***** ma fonction pour un tableau a 5 dimension ce n'est pas très lisible
on peut écrire à la place
int* &mafonction qui passe par adresse marche pour un tableau de dimenion 2,3,4,5,6 sans
rajouter d'étoile pour les pointueres

---

const type var;
la valeur de la variable est constante 
ex:
const int a=2;
a=3; erreur

type const var
l'adresse de la variable est constante:
int* const a=2;
a=&b; erreur 


si const et avant le type la valeur est constante
si const et après le type l'adresse est constante
si const et avant et après le type alors la valeur et l'adresse est constante


commande : tree -pug
lsite les droits des fichiers et sous fichiers présents dnas le dossier

---- java----

on peut pas initialise le i de la bocule for avant.

---java---

si on écrit 100 fois une chaine avec un nom de variable différrent ,contenant la meme chaine 
ex : v1="la";
v2="la";
ils osnt stock dnas le meme heap pour gagner du temps:
v2=v1.intern();
https://www.geeksforgeeks.org/interning-of-string/


inclure java-fx java : 

telecharger sur https://gluonhq.com/products/javafx/
ensuite on prend le dossier 
on l'extrait puis dnas home 
on met le odssier java_fx ensuite on va dnas intellij inclure file->project strcture -> library -> et on inclu dossier lib qui est dans le dossier java_fx 
et créer un project java fx. 

CentOS routage 2 réseaux : 

-isntaller vmware : 

==schéma===


PC1.1 : 
réseau : 192.168.10.0
IP: 192.168.10.1
GATEWAY : 192.168.10.254

PC2.1 : 
réseau : 192.168.11.0
IP : 192.168.11.1 
GATEWAY : 192.168.11.254
(PC 2 on le passe en dhcp ip dynamique)

ROUTEUR :
contient : 
IP: 192.168.10.254
IP: 192.168.11.254
Le gateway de vmware  Edit -> virtual network editor -> nat settings
GATEWAY:172.16.84.2







cd / pour la racine

==creation== interface :
ROUTEUR:
setting network adapter -> custom vnmet2 et vnmet3 et un NAT
PC2:
setting network adapter -> custom vnmet2
PC1:
setting network adapter -> custom vnmet3




==PC1===
vi /etc/sysconfig/network-scripts/ifcfg-ens33


TYPE="Ethernet"
BOOTPROTO="dhcp"
NAME="ens33"
DEVICE="ens33"
ONBOOT="yes"


                      
==PC2==
vi /etc/sysconfig/network-scripts/ifcfg-ens33

TYPE="Ethernet"
BOOTPROTO="static"
NAME="ens33"
DEVICE="ens33"
ONBOOT="yes"
IPADDR=192.168.11.1
NETMASK=255.255.255.0
GATEWAY:192.168.11.254
DNS1=8.8.8.8

==Routeur==
vi /etc/sysconfig/network-scripts/ifcfg-ens33
TYPE="Ethernet"
BOOTPROTO="static"
NAME="ens33"
DEVICE="ens33"
ONBOOT="yes"
IPADDR=172.16.84.15
NETMASK=255.255.255.0
GATEWAY:172.16.84.2
DNS1=8.8.8.8

vi /etc/sysconfig/network-scripts/ifcfg-ens37
TYPE="Ethernet"
BOOTPROTO="static"
NAME="ens37"
DEVICE="ens37"
ONBOOT="yes"
IPADDR=192.168.10.254
NETMASK=255.255.255.0
GATEWAY:172.16.84.2
DNS1=8.8.8.8


vi /etc/sysconfig/network-scripts/ifcfg-ens38
TYPE="Ethernet"
BOOTPROTO="static"
NAME="ens38"
DEVICE="ens38"
ONBOOT="yes"
IPADDR=192.168.11.254
NETMASK=255.255.255.0
GATEWAY:172.16.84.2
DNS1=8.8.8.8


supprimé les truc en trop 


pour réactualsié un fichier (sans avoir à redémarré):
ifdown ens33
ifup ens33

puis désactivé par feu sur chaque ordi : 

systemctl stop firewalld
systemctl disable firewalld

ajouter cette ligne : 
vi /etc/sysctl.conf :

net.ipv4.ip_forward = 1

eregistré la modif:
sysctl -p

iptables -t nat -A POSTROUTING -o eth0 -j MASQUERADE
ensuite : iptables -F FORWARD (uniquement si on a un reject-wtih dnas la ocmmande précédante)
service iptables save

systemctl restart iptables (peut etre très utile car si on modifie ens33 ailleur les modfication ne sont pas effectué sur iptable)
iptables -nvL FORWARD (pour afficher reception paquet si c'est vide normal aucune règle ajouté)

On a internet a partir d'ici 
ping 8.8.8.8

yum -y install dhcp

vi /etc/dhcp/dhcpd.conf :
subnet 192.168.10.0 netmask 255.255.255.0{
 authoritative;
 option routers 192.168.10.254;
 option domain-name-servers 8.8.8.8;
 range 192.168.10.1 192.168.10.50;
}
subnet 192.168.11.0 netmask 255.255.255.0{
 authoritative;
 option routers 192.168.11.254;
 option domain-name-servers 8.8.8.8;
 range 192.168.11.10 192.168.11.50;
}
Démarrage et enregistrement dans le chargeur de démarrage
service dhcpd start
chkconfig dhcpd on


===Latex====


mettre un texte en commentaire : %


mettre une image a drotie d'une autre image 


\begin{minipage}{0.4\textwidth }\raggedright
\includegraphics[width=2cm ]{um2_logo.png}
\end{minipage}
\begin{minipage}{0.4\textwidth }\raggedleft
 \includegraphics[width=2cm ]{  twitter_logo.png}
\end{minipage}






=====Tutoriel github===================



git commit -m "first commit"

sauvegarde en local les changements effectuer.Apres toute opération il faut le faire puis push pour sauvegarder en ligne.

git push -u origin branch : pour sauvegarder en ligne.


git branch : affiche la branche sur laquelle on est situer.

git branch master1 : créer la branche master1, et copie les donnee de la branche ou on se situ dans master1. Dert a créer des branches
exemple : git branch affiche on est dans master.Master contient test.txt quand on fait un git branch quand on ce situ dans master la nouvelle branche va recupéré toute les données 
de master soit test.txt et les autres fichiers.

git checkout master1 : charge la branche master1 avec toutes les donné en local sont rempalcer par celle de master1 

git merge master1 : si avec git branch on ce situ dans master on va rempalcer les donné de la branche
master par celle de master1. On pourra donc mettre a jour master. ensuite git commit -m "something" pour sauvegarder en local
puis git push -u origin master pour sauvegarder en ligne sur master .



git log : Affiche les derniere operation en push effectuer.


git branch -d test : supprime une branch local qui s'apelle test (utiliser git branch pour lsiter les branche est utile)
git push origin --delete test : supprime la branche sur internet qui s'apelle test 


git checkout <commit-id> : charge la dernière sauvegarde de enregistré , on fait git branch pour voir ou on ce situ
puis git log pour voir les id des differrents commits. ex: git checkout 3d7e354550cab9713b3a41a6cf40db15f3d908ed






==============================MYSQL WORKBENCH===================


database -> reverse engeneer

une fois ça fait : 
modele -> diagram and properties size pour chager la taille de la fenetre

les relation sur le logiciel sont inversé normalement :


il faut s'aider des légendes pour les laisons : 

-----------------|-- One 
-----------------<--- Many
-----------------||-- one and only one 
-----------------o|-- zero or one
-----------------|<-- one or many 
-----------------o<-- zero or many  



=================CRON SAUVEGARDE BDD==============

en plus d'installer CRON il faut isntaller  postfix : sudo apt-get install postfix

.------------ minute (0-59) (* = every minute)
| .---------- hour (0-23) (* = every hour)
| | .-------- day of month (1-31) (* = every day)
| | | .------ month (1-12 or jan-dec) (* = every month)
| | | | .---- day of week (0-6 or mon-sun) (Sunday=0) (* = every day)
| | | | |
* * * * * command_to_run

crown schedule



ouvrir cron avec vi :

sudo EDITOR=vi crontab -e

afficher contenu de cron :

sudo crontab -l

grep -i cron /var/log/syslog affiche les erreur de cron

ls /etc/init.d afficher les programmes au demarrages linux 

sayvegarde la bdd a 11h05 les minutes sont affiché en premier: 

05 11 * * * mysqldump -u phpmyadmin -pPassword1011\% local | gzip -c > /var/backup/a.$(date +\%d-\%m-\%Y).sql




optionelle : 

sudo service cron start
sudo systemctl start cron


faire cron demarrer au boot : 
$ sudo update-rc.d cron defaults
# Or using systemd
$ sudo systemctl enable cron

timedatectl pour verifiez la timezone de cron


pour connaitre la dtae des backup et permissions : 

ls -l /var/www_backups/
-rw-r--r-- 1 root root 66M Dec 3 16:33 [database_name].sql.gz

verifier que le dossier soit bien root : 

sudo chown $(whoami):$(whoami) /var/www_backups

notation standard : 
mysqldump -u [username mysql] –p[password mysql] [database_name mysql] > /path/to/test.sql

$ sudo chmod +x /etc/cron.hourly/backup

pour les droits dexecution



====gestion de projet=====

il faut impérativement que la personne signe le cahier des charges sinon je ne peux pas promettree
que le projet aboutira.

1) cahier des charges -> language utilise framework utilise version du language utiliser -> fonctionnalite.
--> definir l'objectif à atteindre 
--> fisabilité du projet ,technique , en cout etc et les risques
2) repartition des taches avec les différrents membres
3) établir un diagramme de gantt pour dire ce que fait la personne chaque jour faite par le developpeur
3.5) bien différencier le temps pris par le front end et le temps pris par le back end une tache est donc divsé en 2.
4) La version de chaque logiciel doit être identique, définir la version des logiciel 
5) base de donnee
6)
