// git command
git add .
git commit -m "commentaire"
git push -u origin master             ou on peut faire git push --all


nom : zmo2s
mot de passe : ***********


créer un dossier puis écrire la commande git init voir https://lifehacker.com/5983680/how-the-heck-do-i-use-github
puis parès commande du haut et supprimer section = oxs .. avec commande git --configure-edit
git init pour un dossier
git status

git clone thttp(adresse du fichier ou dossier)

//compiler plusieur fichier en C++

g++ -Wall -o app.exe  Arme.cpp main.cpp Personnage.cpp

improté code c++ en java
http://roger.astier.free.fr/app/app_java/javaJni.html


================QT Creator===============

créer un éxécutable


$ qmake test.pro

$ make

$ ./Test



================Modifier fichier admin===============


sudo gedit
posser glisser du fchier dnas gedit
aussi simple que sa .


===============Splint===============

$ sudo apt-get install splint


$ splint *.c
pour analysé tous les fichier du repertoire


=================solve problem glib.h==================

disclaimer uninstall gcc or g++ don't solve anything

the problem is glib is install in two folder different so that make a problem and you need to use option -I for include extern library


with compiler you need add option -I when you use g++ main.cpp -o main -I/path_where_is_install_glib

for find path glib you need to do in terminal :
 pkg-config --cflags glib-2.0
 this will give you path of glib :
exemple : -I/usr/include/glib-2.0 -I/usr/lib/x86_64-linux-gnu/glib-2.0/include

check your version of glib can be glib or glib.xxx in /usr/lib or /usr/include

if you don't want use option -I :

you have to use download glib.devel download link :https://www.rpmfind.net/linux/rpm2html/search.php?query=glib-devel(x86-64)
and put file glib.h who is inside glib.devel in /usr/include and after glibconfig.h  who is too in glib.devel to /usr/include/












**************************************************////////////////////////////////////////


        IF YOU DELETE SOME GLIB FILE





what i did but i dunno if it's good idea to do that next line:
i had delete folder glib-2.0 in  usr/lib and in usr/include and in other file as x84_64 gnulinux after delete them

what you must do if you delete some file of glib:

try this :

$ wget https://ftp.gnu.org/gnu/libc/glibc-2.26.tar.gz
$ tar -xvzf glibc-2.26.tar.gz
$ mkdir build_gcc && cd build_gcc
$ ../glibc-2.26/configure --prefix=/usr
$ make
$ sudo checkinstall

download glib.devel

https://www.rpmfind.net/linux/rpm2html/search.php?query=glib-devel(x86-64)
after include glib in g++ compiler with option -I, for repair the link of libsd.so
after extract the folder usr
g++ a.cpp -o main -I/home/a/Downloads/usr/include/glib-1.2 -I/home/a/Downloads/usr/lib64/ -I/home/a/Downloads/usr/lib64/glib/include/
this will repair libsd.so
<<<<<<< HEAD
and now you can just do g++ with option -I so


*****************************************************************/////////////////////////////////////////////////////




=======Wine=========

Unhandled exception: page fault on read access to 0x00000000 in 32-bit code (0x7c050d7c). Register dump

error 0x000032

in terminal do 

WINEARCH=win32 WINPREFIX=/path/to/wineprefix winecfg

======play on linux=======

for play windows game on linux 
=======
and now you can just do g++ without option -I so
g++ main.cpp -o main without any error


==========Liunx commande=================


grep -iRl "son_process" ./

search in many file if son_process in write in this file


>>>>>>> d7d45f6259ce5ba02b8e4683a02039f8bf04ab6e






====C++========


pour une classe public et private : dnas private on met les variables et dnas public les ofcntinos par ocnventions. ( on met certaines fonction dans private car on veut pas que une personne
un autre developpeur changes les valeures de cette fonction exemple la variable chiffre d'affaire à 0 ça fausserai les bénéfices de l'entreprise



pour une fonction

  &mafonction()


c'est un retour par adresse donc pas besoin de return .

const& mafonction() 

on renvoie une adresse constante donc si dnas le main on fait int a=2; mafonction=&a; erreur car l'adresse de ma focntion ne peut pas etre modifié

pour les paramètre ocnstant d'une fonction avec l'esperluette

 mafonction( const& a)

la valeur de l'objet a ne peut pas etre modifié ex dnas la fonction ma fonction()  { a.x=2; erreur car on ne peut pas modifier la valeur de l'objet }


mafonction() const

dans la focntion on ne peux pas changer la valeur des varaibles de la fonction par exemple si on à 
une class teste
class teste
{
int a;
int b;
int c;
teste(int v, int v1): a(v) , b(v1) {}
};
mafonction() const
 {

this->a=2; erreur on a pas le droit de changer la valeur des variables ou meme que ce soit avec fait avec une fonction ni meme de modifier quoique ce soit dans cette fonction
b=2 // interdit
}

si mafonction( int parametre) const
{
parametre+=1;  // fonctionne car c'est uniquement les objets qui ne sont pas modifier donc la valeur des variables de la classe et non les valeur des variables des autres méthodes
donc on peut modifier aussi la valeur renvoyer par certaine méthode;
d = init(); // fonctionne on créer la variable d qui n'existe pas dnas la classe et on l'initialsie avec une focntion

char c = concat(char c, char d)


}




pour un operateur on a deux cas &mafonction ou le cas du proff voir cours



--


pour appeller un objet void Personnage::attaquer(Personnage &cible)
on passe par adresse sinon cela serai par copie et cela ne modifirai les valeur de l'objet cibles
sinon il faudrai renvoyer l'adresse cible avec un return 


classe dnas une classe : 
void Personnage::attaquer(Personnage &cible)
{
    cible.recevoirDegats(m_arme.getDegats());
}


https://www.embedded.com/passing-by-reference-to-const/
https://openclassrooms.com/fr/courses/1894236-programmez-avec-le-langage-c/1897344-creez-les-classes-partie-1-2



 mafonction( const& a) plus classiquement pour ne pas changer la valeur des objets des autres classes


---on utilsie généralement int * mafocntion pour renvoyer un tableau et on rajoute &
soit int* mafonction si on ne veut pas faire copie et passer diréctement sur la variable.


si ma fonction est int* fonction(int a) { return &b}
retourne une copie de l'adresse mémoire ou bien un pointeur construit a partir d'une adresse mémoire ( int *g(int n) { int *ptr = new int [n return ptr;}
c'est un retour de pointeur par valeur

si ma fonction est int* &mafonction2(int **T,int n)  {return T[n-1]};
la fonction renvoie une copie de la variable , variable et non adresse mémoire.
(sans faire de copie) c'est un retour de pointeur par adresse


int* mafocntion pour les tableau 
int***** ma fonction pour un tableau a 5 dimension ce n'est pas très lisible
on peut écrire à la place
int* &mafonction qui passe par adresse marche pour un tableau de dimenion 2,3,4,5,6 sans
rajouter d'étoile pour les pointueres

---

const type var;
la valeur de la variable est constante 
ex:
const int a=2;
a=3; erreur

type const var
l'adresse de la variable est constante:
int* const a=2;
a=&b; erreur 


si const et avant le type la valeur est constante
si const et après le type l'adresse est constante
si const et avant et après le type alors la valeur et l'adresse est constante


commande : tree -pug
lsite les droits des fichiers et sous fichiers présents dnas le dossier

---- java----

on peut pas initialise le i de la bocule for avant.

---java---

si on écrit 100 fois une chaine avec un nom de variable différrent ,contenant la meme chaine 
ex : v1="la";
v2="la";
ils osnt stock dnas le meme heap pour gagner du temps:
v2=v1.intern();
https://www.geeksforgeeks.org/interning-of-string/


inclure java-fx java : 

telecharger sur https://gluonhq.com/products/javafx/
ensuite on prend le dossier 
on l'extrait puis dnas home 
on met le odssier java_fx ensuite on va dnas intellij inclure file->project strcture -> library -> et on inclu dossier lib qui est dans le dossier java_fx 
et créer un project java fx. 

host plusieurs réseaux centOS linux : 




VMware Workstation 4.5
Features | Documentation | Knowledge Base | Discussion Forums

previous Prev   Contents   Last   Next next

Routing between Two Host-Only Networks
If you are setting up a complex test network using virtual machines, you may want to have two independent host-only networks with a router between them.

There are two basic approaches. In one, the router software runs on the host computer. In the other, the router software runs in its own virtual machine. In both cases, you need two host-only interfaces.

The examples described here outline the simplest case, with one virtual machine on each of the host-only networks. For more complex configurations, you can add more virtual machines and host-only networks as appropriate.

Setting Up the First Host-Only Interface
On Windows hosts, the first host-only network is set up automatically when you install VMware Workstation.

On Linux hosts, the first host-only network was set up when you ran the vmware-config.pl program after you installed VMware Workstation, provided you agreed to install host-only networking. If you did not agree to use host-only networking, you need to run the program again to set up host-only networking.

Setting Up the Second Host-Only Interface - Windows Host
Follow these steps to set up the second host-only interface on a Windows host.

Go to Edit > Virtual Network Settings > Host Virtual Adapters.
Click Add new adapter.
Choose the virtual network on which you want to use the adapter and click OK.
Click Apply.
Click OK to close the Virtual Network Editor.
Setting Up the Second Host-Only Interface - Linux Host
As root (su), run the VMware Workstation configuration program.
/usr/bin/vmware-config.pl

Use the wizard to modify your configuration. After asking about a NAT network, the program asks:
Do you want to be able to use host-only networking in your virtual machines?

Answer Yes.

The wizard reports on host-only networks that you have already set up on the host or, if none is present, configures the first host-only network.

The wizard asks:
Do you wish to configure another host-only network?

Answer Yes.

Repeat this step until you have as many host-only networks as you want. Then answer No.

Complete the wizard. When it is finished, it restarts all services used by VMware Workstation.
Run ifconfig. You should see at least four network interfaces — eth0, lo, vmnet1 and vmnet2. If the VMnet interfaces do not show up immediately, wait for a minute, then run the command again. These four interfaces should have different IP address on separate subnets.
Setting Up the Virtual Machines
Now you have two host-only network adapters on the host computer. Each is connected to its own virtual switch (VMnet1 and VMnet2). You are ready to create and configure your virtual machines and connect them to the appropriate virtual switches.

Virtual Machine 1 - Connected to the Default Host-Only Interface
Create the virtual machine using the New Virtual Machine Wizard or use an existing virtual machine.
Launch VMware Workstation and open the virtual machine.
Edit the configuration using the virtual machine settings editor (VM > Settings).
Select Network Adapter and select Host-only (VMnet1) from the drop-down list on the right.

If no network adapter is shown in the list of devices, click Add, then use the Add Hardware Wizard to add an adapter.

Virtual Machine 2 - Connected to the Newly Created Host-Only Interface
Create the virtual machine using the New Virtual Machine Wizard or use an existing virtual machine.
Launch VMware Workstation and open the virtual machine.
Edit the configuration using the virtual machine settings editor (VM > Settings).
Select Network Adapter and select Custom (VMnet2) from the drop-down list on the right.

If no network adapter is shown in the list of devices, click Add, then use the Add Hardware Wizard to add an adapter.

If you plan to run the router software on your host computer, you can skip the next section.

Virtual Machine 3 - Connected to Both Host-Only Interfaces
If you plan to run the router software on a virtual machine, set up a third virtual machine for that purpose.

Create the virtual machine using the New Virtual Machine Wizard or use an existing virtual machine.
Launch VMware Workstation and open the virtual machine.
Edit the configuration using the virtual machine settings editor (VM > Settings).
Select the first network adapter in the list of devices and select Host-only (VMnet1) from the drop-down list on the right. Select the second network adapter in the list of devices, then select Custom (VMnet2) from the drop-down list on the right.

If you need to add one or more network adapters, click Add, then use the Add Hardware Wizard to add an adapter.

Now you need to configure the networking components on the host and in the virtual machines. The recommended approach uses static IP addresses for all the virtual machines.

https://www.vmware.com/support/ws45/doc/network_2host_route_ws.html

VMware Workstation 4.5
après ocnfiguré en ipv4 statique : 
exemple : 192.1681.11
          192.168.1.12
          192.168.1.13

ensuite passerelle par défaut exmeple
 172.68.84.0
172.68.83.0
172.68.82.0

masque pour les 3 : 
255.255.255.0

cd / pour la racine

vi /etc/sysconfig/network-scripts/ifcfg-sen33

DEVICE="eth0"
ONBOOT=yes
TYPE=Ethernet
BOOTPROTO=static
NAME="System eth0"
UUID=5fb06bd0-0bb0-7ffb-45f1-d6edd65f3e03
IPADDR=192.168.90.1
NETMASK=255.255.255.0
GATEWAY=192.168.90.254
                      



supprimé les truc en trop 


http://kb.metricinsights.com/m/44498/l/500541-how-to-set-up-a-static-ip-for-a-virtual-machine-centos

puis désactivé par feu : 

systemctl stop firewalld
systemctl disable firewalld

ensuite : sudo ifconfig ens33 add 192.168.1.11 (depuis le routeur) puis add 192.168.1.12

il faut isntaller package 
yum install net-tools

pour controlé : 
ifconfig

pour check : 
iptables -nvL

ensuite : 
pas oublier de refaire sudo ifconfig ens33 add 192.168.1.11 a chauqe utilsiation en connectant les 3 vm




